C:\Users\lauri\eric\part12-containers-applications-main\todo-app>cd todo-backend

C:\Users\lauri\eric\part12-containers-applications-main\todo-app\todo-backend>docker container ls
CONTAINER ID   IMAGE     COMMAND                  CREATED        STATUS         PORTS                     NAMES
d7067ebdc5cc   redis     "docker-entrypoint.s…"   20 hours ago   Up 3 minutes   0.0.0.0:6379->6379/tcp    todo-backend-redis-1
dc05559000eb   mongo     "docker-entrypoint.s…"   24 hours ago   Up 3 minutes   0.0.0.0:3456->27017/tcp   todo-backend-mongo-1

C:\Users\lauri\eric\part12-containers-applications-main\todo-app\todo-backend>docker exec -it todo-backend-redis-1 bash
root@d7067ebdc5cc:/data# 
root@d7067ebdc5cc:/data# KEYS *
bash: KEYS: command not found
root@d7067ebdc5cc:/data# redis
bash: redis: command not found
root@d7067ebdc5cc:/data# redis-cli
127.0.0.1:6379> KEYS *
1) "added_todos"
127.0.0.1:6379> GET added_todos
"3"
127.0.0.1:6379> SET added_todos "9001"
OK
127.0.0.1:6379> GET added_todos
"9002"
127.0.0.1:6379> DEL added_todos
(integer) 1
127.0.0.1:6379> GET added_todos
(nil)
127.0.0.1:6379> GET added_todos
"1"
127.0.0.1:6379>